audios/audio01_00.flac
audios/audio01_01.flac
audios/audio01_02.flac
audios/audio01_03.flac
audios/audio01_04.flac
audios/audio01_05.flac
audios/audio01_06.flac
audios/audio01_07.flac
audios/audio01_08.flac
audios/audio01_09.flac
audios/audio01_10.flac
audios/audio01_11.flac
audios/audio01_12.flac
audios/audio01_13.flac
audios/audio01_14.flac
audios/audio01_15.flac
audios/audio01_16.flac
audios/audio01_17.flac
audios/audio01_18.flac
audios/audio01_19.flac
audios/audio01_20.flac
audios/audio01_21.flac
audios/audio01_22.flac
audios/audio01_23.flac
audios/audio01_24.flac
audios/audio01_25.flac
audios/audio01_26.flac
audios/audio01_27.flac
audios/audio01_28.flac
audios/audio01_29.flac
audios/audio01_30.flac
audios/audio01_31.flac
audios/audio01_32.flac
audios/audio01_33.flac
audios/audio01_34.flac
audios/audio01_35.flac
audios/audio02_00.flac
audios/audio02_01.flac
audios/audio02_02.flac
audios/audio02_03.flac
audios/audio02_04.flac
audios/audio02_05.flac
audios/audio02_06.flac
audios/audio02_07.flac
audios/audio02_08.flac
audios/audio02_09.flac
audios/audio02_10.flac
audios/audio02_11.flac
audios/audio02_12.flac
audios/audio02_13.flac
audios/audio02_14.flac
audios/audio02_15.flac
audios/audio02_16.flac
audios/audio03_00.flac
audios/audio03_01.flac
audios/audio03_02.flac
audios/audio03_03.flac
audios/audio03_04.flac
audios/audio03_05.flac
audios/audio03_06.flac
audios/audio03_07.flac
audios/audio03_08.flac
audios/audio03_09.flac
audios/audio03_10.flac
audios/audio03_11.flac
audios/audio03_12.flac
audios/audio03_13.flac
audios/audio03_14.flac
audios/audio03_15.flac
audios/audio03_16.flac
audios/audio03_17.flac
audios/audio03_18.flac
audios/audio03_19.flac
audios/audio03_20.flac
audios/audio03_21.flac
audios/audio03_22.flac
audios/audio03_23.flac
audios/audio03_24.flac
audios/audio03_25.flac
audios/audio03_26.flac
audios/audio04_00.flac
audios/audio04_01.flac
audios/audio04_02.flac
audios/audio04_03.flac
audios/audio04_04.flac
audios/audio04_05.flac
audios/audio04_06.flac
audios/audio04_07.flac
audios/audio04_08.flac
audios/audio04_09.flac
audios/audio04_10.flac
audios/audio04_11.flac
audios/audio04_12.flac
audios/audio04_13.flac
audios/audio04_14.flac
audios/audio04_15.flac
audios/audio04_16.flac
audios/audio05_00.flac
audios/audio05_01.flac
audios/audio05_02.flac
audios/audio05_03.flac
audios/audio05_04.flac
audios/audio05_05.flac
audios/audio05_06.flac
audios/audio05_07.flac
audios/audio05_08.flac
audios/audio05_09.flac
audios/audio05_10.flac
audios/audio05_11.flac
audios/audio05_12.flac
audios/audio05_13.flac
audios/audio05_14.flac
audios/audio05_15.flac
audios/audio05_16.flac
audios/audio05_17.flac
audios/audio05_18.flac
audios/audio05_19.flac
audios/audio05_20.flac
audios/audio05_21.flac
audios/audio05_22.flac
audios/audio05_23.flac
audios/audio05_24.flac
audios/audio05_25.flac
audios/audio05_26.flac
audios/audio05_27.flac
audios/audio05_28.flac
audios/audio05_29.flac
audios/audio05_30.flac
audios/audio05_31.flac
audios/audio05_32.flac
audios/audio05_33.flac
audios/audio05_34.flac
audios/audio05_35.flac
audios/audio05_36.flac
audios/audio06_00.flac
audios/audio06_01.flac
audios/audio06_02.flac
audios/audio06_03.flac
audios/audio06_04.flac
audios/audio06_05.flac
audios/audio06_06.flac
audios/audio06_07.flac
audios/audio06_08.flac
audios/audio06_09.flac
audios/audio06_10.flac
audios/audio06_11.flac
audios/audio06_12.flac
audios/audio06_13.flac
audios/audio06_14.flac
audios/audio06_15.flac
audios/audio06_16.flac
audios/audio06_17.flac
audios/audio07_00.flac
audios/audio07_01.flac
audios/audio07_02.flac
audios/audio07_03.flac
audios/audio07_04.flac
audios/audio07_05.flac
audios/audio07_06.flac
audios/audio07_07.flac
audios/audio07_08.flac
audios/audio07_09.flac
audios/audio07_10.flac
audios/audio07_11.flac
audios/audio07_12.flac
audios/audio07_13.flac
audios/audio07_14.flac
audios/audio07_15.flac
audios/audio07_16.flac
audios/audio08_00.flac
audios/audio08_01.flac
audios/audio08_02.flac
audios/audio08_03.flac
audios/audio08_04.flac
audios/audio08_05.flac
audios/audio08_06.flac
audios/audio08_07.flac
audios/audio08_08.flac
audios/audio08_09.flac
audios/audio08_10.flac
audios/audio08_11.flac
audios/audio08_12.flac
audios/audio08_13.flac
audios/audio08_14.flac
audios/audio08_15.flac
audios/audio08_16.flac
audios/audio09_00.flac
audios/audio09_01.flac
audios/audio09_02.flac
audios/audio09_03.flac
audios/audio09_04.flac
audios/audio09_05.flac
audios/audio09_06.flac
audios/audio09_07.flac
audios/audio09_08.flac
audios/audio09_09.flac
audios/audio09_10.flac
audios/audio09_11.flac
audios/audio09_12.flac
audios/audio10_00.flac
audios/audio10_01.flac
audios/audio10_02.flac
audios/audio10_03.flac
audios/audio10_04.flac
audios/audio10_05.flac
audios/audio10_06.flac
audios/audio10_07.flac
audios/audio10_08.flac
audios/audio10_09.flac
audios/audio10_10.flac
audios/audio10_11.flac
audios/audio10_12.flac
audios/audio10_13.flac
audios/audio10_14.flac
audios/audio10_15.flac
audios/audio10_16.flac
audios/audio11_00.flac
audios/audio11_01.flac
audios/audio11_02.flac
audios/audio11_03.flac
audios/audio11_04.flac
audios/audio11_05.flac
audios/audio11_06.flac
audios/audio11_07.flac
audios/audio11_08.flac
audios/audio11_09.flac
audios/audio11_10.flac
audios/audio11_11.flac
audios/audio11_12.flac
audios/audio11_13.flac
audios/audio11_14.flac
audios/audio11_15.flac
audios/audio11_16.flac
audios/audio12_00.flac
audios/audio12_01.flac
audios/audio12_02.flac
audios/audio12_03.flac
audios/audio12_04.flac
audios/audio12_05.flac
audios/audio12_06.flac
audios/audio12_07.flac
audios/audio12_08.flac
audios/audio12_09.flac
audios/audio12_10.flac
audios/audio12_11.flac
audios/audio12_12.flac
audios/audio12_13.flac
audios/audio12_14.flac
audios/audio12_15.flac
audios/audio12_16.flac
audios/audio13_00.flac
audios/audio13_01.flac
audios/audio13_02.flac
audios/audio13_03.flac
audios/audio13_04.flac
audios/audio13_05.flac
audios/audio13_06.flac
audios/audio13_07.flac
audios/audio13_08.flac
audios/audio13_09.flac
audios/audio13_10.flac
audios/audio13_11.flac
audios/audio13_12.flac
audios/audio13_13.flac
audios/audio13_14.flac
audios/audio13_15.flac
audios/audio13_16.flac
audios/audio14_00.flac
audios/audio14_01.flac
audios/audio14_02.flac
audios/audio14_03.flac
audios/audio14_04.flac
audios/audio14_05.flac
audios/audio14_06.flac
audios/audio14_07.flac
audios/audio14_08.flac
audios/audio14_09.flac
audios/audio14_10.flac
audios/audio14_11.flac
audios/audio14_12.flac
audios/audio14_13.flac
audios/audio14_14.flac
audios/audio14_15.flac
audios/audio14_16.flac
audios/audio15_00.flac
audios/audio15_01.flac
audios/audio15_02.flac
audios/audio15_03.flac
audios/audio15_04.flac
audios/audio15_05.flac
audios/audio15_06.flac
audios/audio15_07.flac
audios/audio15_08.flac
audios/audio15_09.flac
audios/audio15_10.flac
audios/audio15_11.flac
audios/audio15_12.flac
audios/audio15_13.flac
audios/audio15_14.flac
audios/audio15_15.flac
audios/audio15_16.flac
audios/audio16_00.flac
audios/audio16_01.flac
audios/audio16_02.flac
audios/audio16_03.flac
audios/audio16_04.flac
audios/audio16_05.flac
audios/audio16_06.flac
audios/audio16_07.flac
audios/audio16_08.flac
audios/audio16_09.flac
audios/audio16_10.flac
audios/audio16_11.flac
audios/audio16_12.flac
audios/audio16_13.flac
audios/audio16_14.flac
audios/audio16_15.flac
audios/audio17_00.flac
audios/audio17_01.flac
audios/audio17_02.flac
audios/audio17_03.flac
audios/audio17_04.flac
audios/audio17_05.flac
audios/audio17_06.flac
audios/audio17_07.flac
audios/audio17_08.flac
audios/audio17_09.flac
audios/audio17_10.flac
audios/audio17_11.flac
audios/audio17_12.flac
audios/audio17_13.flac
audios/audio17_14.flac
audios/audio17_15.flac
audios/audio17_16.flac
audios/audio18_00.flac
audios/audio18_01.flac
audios/audio18_02.flac
audios/audio18_03.flac
audios/audio18_04.flac
audios/audio18_05.flac
audios/audio18_06.flac
audios/audio18_07.flac
audios/audio18_08.flac
audios/audio18_09.flac
audios/audio18_10.flac
audios/audio18_11.flac
audios/audio18_12.flac
audios/audio18_13.flac
audios/audio18_14.flac
audios/audio18_15.flac
audios/audio18_16.flac
audios/audio19_00.flac
audios/audio19_01.flac
audios/audio19_02.flac
audios/audio19_03.flac
audios/audio19_04.flac
audios/audio19_05.flac
audios/audio19_06.flac
audios/audio19_07.flac
audios/audio19_08.flac
audios/audio19_09.flac
audios/audio19_10.flac
audios/audio19_11.flac
audios/audio19_12.flac
audios/audio19_13.flac
audios/audio19_14.flac
audios/audio19_15.flac
audios/audio19_16.flac
audios/audio20_00.flac
audios/audio20_01.flac
audios/audio20_02.flac
audios/audio20_03.flac
audios/audio20_04.flac
audios/audio20_05.flac
audios/audio20_06.flac
audios/audio20_07.flac
audios/audio20_08.flac
audios/audio20_09.flac
audios/audio20_10.flac
audios/audio20_11.flac
audios/audio20_12.flac
audios/audio20_13.flac
audios/audio20_14.flac
audios/audio20_15.flac
audios/audio20_16.flac
audios/audio21_00.flac
audios/audio21_01.flac
audios/audio21_02.flac
audios/audio21_03.flac
audios/audio21_04.flac
audios/audio21_05.flac
audios/audio21_06.flac
audios/audio21_07.flac
audios/audio21_08.flac
audios/audio21_09.flac
audios/audio21_10.flac
audios/audio21_11.flac
audios/audio21_12.flac
audios/audio21_13.flac
audios/audio21_14.flac
audios/audio21_15.flac
audios/audio21_16.flac
audios/audio21_17.flac
audios/audio22_00.flac
audios/audio22_01.flac
audios/audio22_02.flac
audios/audio22_03.flac
audios/audio22_04.flac
audios/audio22_05.flac
audios/audio22_06.flac
audios/audio22_07.flac
audios/audio22_08.flac
audios/audio22_09.flac
audios/audio22_10.flac
audios/audio22_11.flac
audios/audio22_12.flac
audios/audio22_13.flac
audios/audio22_14.flac
audios/audio22_15.flac
audios/audio22_16.flac
audios/audio23_00.flac
audios/audio23_01.flac
audios/audio23_02.flac
audios/audio23_03.flac
audios/audio23_04.flac
audios/audio23_05.flac
audios/audio23_06.flac
audios/audio23_07.flac
audios/audio23_08.flac
audios/audio23_09.flac
audios/audio23_10.flac
audios/audio23_11.flac
audios/audio23_12.flac
audios/audio23_13.flac
audios/audio23_14.flac
audios/audio23_15.flac
audios/audio23_16.flac
audios/audio24_00.flac
audios/audio24_01.flac
audios/audio24_02.flac
audios/audio24_03.flac
audios/audio24_04.flac
audios/audio24_05.flac
audios/audio24_06.flac
audios/audio24_07.flac
audios/audio24_08.flac
audios/audio24_09.flac
audios/audio24_10.flac
audios/audio24_11.flac
audios/audio24_12.flac
audios/audio24_13.flac
audios/audio24_14.flac
audios/audio24_15.flac
audios/audio24_16.flac
audios/audio25_00.flac
audios/audio25_01.flac
audios/audio25_02.flac
audios/audio25_03.flac
audios/audio25_04.flac
audios/audio25_05.flac
audios/audio25_06.flac
audios/audio25_07.flac
audios/audio25_08.flac
audios/audio25_09.flac
audios/audio25_10.flac
audios/audio25_11.flac
audios/audio25_12.flac
audios/audio25_13.flac
audios/audio25_14.flac
audios/audio25_15.flac
audios/audio25_16.flac